MiniTwit 2020/03/20 22:08:34 How to log.com
